0 verbose cli C:\Program Files\nodejs\node.exe C:\Program Files\nodejs\node_modules\npm\bin\npm-cli.js
1 info using npm@11.4.2
2 info using node@v24.4.0
3 silly config load:file:C:\Users\robyk\CONFIG~1\herd\bin\nvm\v24.4.0\node_modules\npm\npmrc
4 silly config load:file:E:\PROJECT ROBY\ANY\2026\LAPEH\lapeeh\.npmrc
5 silly config load:file:C:\Users\robyk\.npmrc
6 silly config load:file:C:\Program Files\nodejs\etc\npmrc
7 verbose title npm pack
8 verbose argv "pack" "--dry-run" "--cache" ".npm-pack-cache"
9 verbose logfile logs-max:10 dir:E:\PROJECT ROBY\ANY\2026\LAPEH\lapeeh\.npm-pack-cache\_logs\2026-04-05T18_43_40_686Z-
10 verbose logfile E:\PROJECT ROBY\ANY\2026\LAPEH\lapeeh\.npm-pack-cache\_logs\2026-04-05T18_43_40_686Z-debug-0.log
11 silly logfile done cleaning log files
12 http fetch GET https://registry.npmjs.org/npm attempt 1 failed with ECONNREFUSED
13 silly packumentCache heap:4496293888 maxSize:1124073472 maxEntrySize:562036736
14 verbose stack Error: EPERM: operation not permitted, unlink 'E:\PROJECT ROBY\ANY\2026\LAPEH\lapeeh\.npm-pack-cache\_cacache\tmp\a96becc7'
15 error code EPERM
16 error syscall unlink
17 error path E:\PROJECT ROBY\ANY\2026\LAPEH\lapeeh\.npm-pack-cache\_cacache\tmp\a96becc7
18 error errno -4048
19 error [Error: EPERM: operation not permitted, unlink 'E:\PROJECT ROBY\ANY\2026\LAPEH\lapeeh\.npm-pack-cache\_cacache\tmp\a96becc7'] {
19 error   errno: -4048,
19 error   code: 'EPERM',
19 error   syscall: 'unlink',
19 error   path: 'E:\\PROJECT ROBY\\ANY\\2026\\LAPEH\\lapeeh\\.npm-pack-cache\\_cacache\\tmp\\a96becc7'
19 error }
20 error
20 error The operation was rejected by your operating system.
20 error It's possible that the file was already in use (by a text editor or antivirus),
20 error or that you lack permissions to access it.
20 error
20 error If you believe this might be a permissions issue, please double-check the
20 error permissions of the file and its containing directories, or try running
20 error the command again as root/Administrator.
21 verbose cwd E:\PROJECT ROBY\ANY\2026\LAPEH\lapeeh
22 verbose os Windows_NT 10.0.26200
23 verbose node v24.4.0
24 verbose npm  v11.4.2
25 verbose exit -4048
26 verbose code -4048
27 error A complete log of this run can be found in: E:\PROJECT ROBY\ANY\2026\LAPEH\lapeeh\.npm-pack-cache\_logs\2026-04-05T18_43_40_686Z-debug-0.log
